// Jest Snapshot v1, https://goo.gl/fbAQLP

exports[`トップページ スナップショットテスト 1`] = `
<div>
  <h2
    class="chakra-heading css-1me5kep"
  >
    お気に入り
  </h2>
  <div
    class="css-gmuwbf"
  >
    <div
      class="chakra-spinner css-lojytg"
    >
      <span
        class="css-f8n5zr"
      >
        Loading...
      </span>
    </div>
  </div>
  <div
    class="css-1n2mv2k"
  >
    <p
      class="chakra-text css-1jijfcn"
    >
      お気に入りにした物件は
      <br />
      ありません
    </p>
  </div>
</div>
`;
